DEBUG 2018-11-26 23:32:51,008: 	 Executing command: 'kill'
DEBUG 2018-11-26 23:32:51,008: 	 Found CRAB cache file /afs/cern.ch/user/b/bdiab/.crab3
ERROR 2018-11-26 23:32:51,009: 	 Error: crab_projects/crab_HIForest_DATA_pp5TeV_v1 is not a valid CRAB project directory.
ERROR 2018-11-26 23:32:51,009: 	 Caught exception
Traceback (most recent call last):
  File "/cvmfs/cms.cern.ch/crab3/slc6_amd64_gcc493/cms/crabclient/3.3.1809-comp/bin/crab", line 160, in <module>
    client()
  File "/cvmfs/cms.cern.ch/crab3/slc6_amd64_gcc493/cms/crabclient/3.3.1809-comp/bin/crab", line 146, in __call__
    self.cmd = sub_cmd(self.logger, args[1:])
  File "/cvmfs/cms.cern.ch/crab3/slc6_amd64_gcc493/cms/crabclient/3.3.1809-comp/lib/python2.7/site-packages/CRABClient/Commands/SubCommand.py", line 262, in __init__
    self.validateOptions()
  File "/cvmfs/cms.cern.ch/crab3/slc6_amd64_gcc493/cms/crabclient/3.3.1809-comp/lib/python2.7/site-packages/CRABClient/Commands/kill.py", line 55, in validateOptions
    SubCommand.validateOptions(self)
  File "/cvmfs/cms.cern.ch/crab3/slc6_amd64_gcc493/cms/crabclient/3.3.1809-comp/lib/python2.7/site-packages/CRABClient/Commands/SubCommand.py", line 575, in validateOptions
    raise ConfigurationException(msg)
ConfigurationException: [91mError[0m: crab_projects/crab_HIForest_DATA_pp5TeV_v1 is not a valid CRAB project directory.
DEBUG 2019-01-15 08:56:02,773: 	 Executing command: 'status'
DEBUG 2019-01-15 08:56:02,774: 	 Found CRAB cache file /afs/cern.ch/user/b/bdiab/.crab3
ERROR 2019-01-15 08:56:02,774: 	 Error: --jobids is not a valid CRAB project directory.
ERROR 2019-01-15 08:56:02,775: 	 Caught exception
Traceback (most recent call last):
  File "/cvmfs/cms.cern.ch/crab3/slc6_amd64_gcc493/cms/crabclient/3.3.1812/bin/crab", line 160, in <module>
    client()
  File "/cvmfs/cms.cern.ch/crab3/slc6_amd64_gcc493/cms/crabclient/3.3.1812/bin/crab", line 146, in __call__
    self.cmd = sub_cmd(self.logger, args[1:])
  File "/cvmfs/cms.cern.ch/crab3/slc6_amd64_gcc493/cms/crabclient/3.3.1812/lib/python2.7/site-packages/CRABClient/Commands/status.py", line 39, in __init__
    SubCommand.__init__(self, logger, cmdargs)
  File "/cvmfs/cms.cern.ch/crab3/slc6_amd64_gcc493/cms/crabclient/3.3.1812/lib/python2.7/site-packages/CRABClient/Commands/SubCommand.py", line 262, in __init__
    self.validateOptions()
  File "/cvmfs/cms.cern.ch/crab3/slc6_amd64_gcc493/cms/crabclient/3.3.1812/lib/python2.7/site-packages/CRABClient/Commands/status.py", line 1022, in validateOptions
    SubCommand.validateOptions(self)
  File "/cvmfs/cms.cern.ch/crab3/slc6_amd64_gcc493/cms/crabclient/3.3.1812/lib/python2.7/site-packages/CRABClient/Commands/SubCommand.py", line 575, in validateOptions
    raise ConfigurationException(msg)
ConfigurationException: [91mError[0m: --jobids is not a valid CRAB project directory.
DEBUG 2019-01-15 08:56:37,514: 	 Executing command: 'getoutput'
DEBUG 2019-01-15 08:56:37,516: 	 Found CRAB cache file /afs/cern.ch/user/b/bdiab/.crab3
ERROR 2019-01-15 08:56:37,516: 	 Error: --jobids is not a valid CRAB project directory.
ERROR 2019-01-15 08:56:37,517: 	 Caught exception
Traceback (most recent call last):
  File "/cvmfs/cms.cern.ch/crab3/slc6_amd64_gcc493/cms/crabclient/3.3.1812/bin/crab", line 160, in <module>
    client()
  File "/cvmfs/cms.cern.ch/crab3/slc6_amd64_gcc493/cms/crabclient/3.3.1812/bin/crab", line 146, in __call__
    self.cmd = sub_cmd(self.logger, args[1:])
  File "/cvmfs/cms.cern.ch/crab3/slc6_amd64_gcc493/cms/crabclient/3.3.1812/lib/python2.7/site-packages/CRABClient/Commands/SubCommand.py", line 262, in __init__
    self.validateOptions()
  File "/cvmfs/cms.cern.ch/crab3/slc6_amd64_gcc493/cms/crabclient/3.3.1812/lib/python2.7/site-packages/CRABClient/Commands/getcommand.py", line 265, in validateOptions
    SubCommand.validateOptions(self)
  File "/cvmfs/cms.cern.ch/crab3/slc6_amd64_gcc493/cms/crabclient/3.3.1812/lib/python2.7/site-packages/CRABClient/Commands/SubCommand.py", line 575, in validateOptions
    raise ConfigurationException(msg)
ConfigurationException: [91mError[0m: --jobids is not a valid CRAB project directory.
DEBUG 2019-01-15 08:56:48,456: 	 Executing command: 'getoutput'
DEBUG 2019-01-15 08:56:48,456: 	 Found CRAB cache file /afs/cern.ch/user/b/bdiab/.crab3
ERROR 2019-01-15 08:56:48,457: 	 Error: --jobids1..300 is not a valid CRAB project directory.
ERROR 2019-01-15 08:56:48,457: 	 Caught exception
Traceback (most recent call last):
  File "/cvmfs/cms.cern.ch/crab3/slc6_amd64_gcc493/cms/crabclient/3.3.1812/bin/crab", line 160, in <module>
    client()
  File "/cvmfs/cms.cern.ch/crab3/slc6_amd64_gcc493/cms/crabclient/3.3.1812/bin/crab", line 146, in __call__
    self.cmd = sub_cmd(self.logger, args[1:])
  File "/cvmfs/cms.cern.ch/crab3/slc6_amd64_gcc493/cms/crabclient/3.3.1812/lib/python2.7/site-packages/CRABClient/Commands/SubCommand.py", line 262, in __init__
    self.validateOptions()
  File "/cvmfs/cms.cern.ch/crab3/slc6_amd64_gcc493/cms/crabclient/3.3.1812/lib/python2.7/site-packages/CRABClient/Commands/getcommand.py", line 265, in validateOptions
    SubCommand.validateOptions(self)
  File "/cvmfs/cms.cern.ch/crab3/slc6_amd64_gcc493/cms/crabclient/3.3.1812/lib/python2.7/site-packages/CRABClient/Commands/SubCommand.py", line 575, in validateOptions
    raise ConfigurationException(msg)
ConfigurationException: [91mError[0m: --jobids1..300 is not a valid CRAB project directory.
DEBUG 2019-01-15 08:57:06,751: 	 Executing command: 'getoutput'
DEBUG 2019-01-15 08:57:06,751: 	 Found CRAB cache file /afs/cern.ch/user/b/bdiab/.crab3
DEBUG 2019-01-15 17:20:43,863: 	 Executing command: 'status'
DEBUG 2019-01-15 17:20:43,864: 	 Found CRAB cache file /afs/cern.ch/user/b/bdiab/.crab3
ERROR 2019-01-15 17:20:43,865: 	 Cannot find .requestcache file in CRAB project directory /afs/cern.ch/work/b/bdiab/private/JpsiJetAnalysisPart2/CMSSW_9_4_4/src/makeForests_pp/crab_projects/crab_HIOniaForest_DATA_pp5TeV
ERROR 2019-01-15 17:20:43,865: 	 Caught exception
Traceback (most recent call last):
  File "/cvmfs/cms.cern.ch/crab3/slc6_amd64_gcc493/cms/crabclient/3.3.1812/bin/crab", line 160, in <module>
    client()
  File "/cvmfs/cms.cern.ch/crab3/slc6_amd64_gcc493/cms/crabclient/3.3.1812/bin/crab", line 146, in __call__
    self.cmd = sub_cmd(self.logger, args[1:])
  File "/cvmfs/cms.cern.ch/crab3/slc6_amd64_gcc493/cms/crabclient/3.3.1812/lib/python2.7/site-packages/CRABClient/Commands/status.py", line 39, in __init__
    SubCommand.__init__(self, logger, cmdargs)
  File "/cvmfs/cms.cern.ch/crab3/slc6_amd64_gcc493/cms/crabclient/3.3.1812/lib/python2.7/site-packages/CRABClient/Commands/SubCommand.py", line 262, in __init__
    self.validateOptions()
  File "/cvmfs/cms.cern.ch/crab3/slc6_amd64_gcc493/cms/crabclient/3.3.1812/lib/python2.7/site-packages/CRABClient/Commands/status.py", line 1022, in validateOptions
    SubCommand.validateOptions(self)
  File "/cvmfs/cms.cern.ch/crab3/slc6_amd64_gcc493/cms/crabclient/3.3.1812/lib/python2.7/site-packages/CRABClient/Commands/SubCommand.py", line 580, in validateOptions
    self.loadLocalCache()
  File "/cvmfs/cms.cern.ch/crab3/slc6_amd64_gcc493/cms/crabclient/3.3.1812/lib/python2.7/site-packages/CRABClient/Commands/SubCommand.py", line 441, in loadLocalCache
    raise ex
CachefileNotFoundException: Cannot find .requestcache file in CRAB project directory /afs/cern.ch/work/b/bdiab/private/JpsiJetAnalysisPart2/CMSSW_9_4_4/src/makeForests_pp/crab_projects/crab_HIOniaForest_DATA_pp5TeV
DEBUG 2019-01-28 17:31:08,473: 	 Executing command: 'resubmit'
DEBUG 2019-01-28 17:31:08,475: 	 Found CRAB cache file /afs/cern.ch/user/b/bdiab/.crab3
ERROR 2019-01-28 17:31:08,481: 	 Error: crabConfig1.py is not a valid CRAB project directory.
ERROR 2019-01-28 17:31:08,482: 	 Caught exception
Traceback (most recent call last):
  File "/cvmfs/cms.cern.ch/crab3/slc6_amd64_gcc493/cms/crabclient/3.3.1812/bin/crab", line 160, in <module>
    client()
  File "/cvmfs/cms.cern.ch/crab3/slc6_amd64_gcc493/cms/crabclient/3.3.1812/bin/crab", line 146, in __call__
    self.cmd = sub_cmd(self.logger, args[1:])
  File "/cvmfs/cms.cern.ch/crab3/slc6_amd64_gcc493/cms/crabclient/3.3.1812/lib/python2.7/site-packages/CRABClient/Commands/resubmit.py", line 28, in __init__
    SubCommand.__init__(self, logger, cmdargs)
  File "/cvmfs/cms.cern.ch/crab3/slc6_amd64_gcc493/cms/crabclient/3.3.1812/lib/python2.7/site-packages/CRABClient/Commands/SubCommand.py", line 262, in __init__
    self.validateOptions()
  File "/cvmfs/cms.cern.ch/crab3/slc6_amd64_gcc493/cms/crabclient/3.3.1812/lib/python2.7/site-packages/CRABClient/Commands/resubmit.py", line 276, in validateOptions
    SubCommand.validateOptions(self)
  File "/cvmfs/cms.cern.ch/crab3/slc6_amd64_gcc493/cms/crabclient/3.3.1812/lib/python2.7/site-packages/CRABClient/Commands/SubCommand.py", line 575, in validateOptions
    raise ConfigurationException(msg)
ConfigurationException: [91mError[0m: crabConfig1.py is not a valid CRAB project directory.
DEBUG 2019-02-13 15:33:49,594: 	 Executing command: 'submit'
DEBUG 2019-02-13 15:33:49,595: 	 Found CRAB cache file /afs/cern.ch/user/b/bdiab/.crab3
DEBUG 2019-02-13 15:33:49,608: 	 Checking credentials
DEBUG 2019-02-13 15:33:49,611: 	 Found proxy file /tmp/x509up_u105808
DEBUG 2019-02-13 15:33:49,611: 	 Getting proxy life time left
DEBUG 2019-02-13 15:33:51,374: 	 Executing : 
 command : voms-proxy-info -file /tmp/x509up_u105808 -timeleft
 output : 33050

 error: 
 retcode : 0
DEBUG 2019-02-13 15:33:52,513: 	 Executing : 
 command : voms-proxy-info -file /tmp/x509up_u105808 -actimeleft
 output : 33049

 error: 
 retcode : 0
DEBUG 2019-02-13 15:33:52,514: 	 Proxy lifetime 33050 secs is different from voms extension lifetime 33049 secs for proxy: /tmp/x509up_u105808
DEBUG 2019-02-13 15:33:52,514: 	 Proxy valid for 09:10:49 hours
INFO 2019-02-13 15:33:52,514: 	 Will use CRAB configuration file crabConfig1.py
DEBUG 2019-02-13 15:33:52,514: 	 Loading CRAB configuration file.
DEBUG 2019-02-13 15:33:57,761: 	 Will use CRAB Analysis plugin (i.e. will run an analysis job type).
ERROR 2019-02-13 15:33:57,762: 	 Working area '/afs/cern.ch/work/b/bdiab/private/JpsiJetAnalysisPart2/CMSSW_9_4_4/src/makeForests_pp/crab_projects/crab_HIOniaForest_DATA_pp5TeV_part1' already exists 
Please change the requestName in the config file
ERROR 2019-02-13 15:33:57,762: 	 Caught exception
Traceback (most recent call last):
  File "/cvmfs/cms.cern.ch/crab3/slc6_amd64_gcc493/cms/crabclient/3.3.1902.patch1/bin/crab", line 160, in <module>
    client()
  File "/cvmfs/cms.cern.ch/crab3/slc6_amd64_gcc493/cms/crabclient/3.3.1902.patch1/bin/crab", line 146, in __call__
    self.cmd = sub_cmd(self.logger, args[1:])
  File "/cvmfs/cms.cern.ch/crab3/slc6_amd64_gcc493/cms/crabclient/3.3.1902.patch1/lib/python2.7/site-packages/CRABClient/Commands/submit.py", line 34, in __init__
    SubCommand.__init__(self, logger, cmdargs, disable_interspersed_args=True)
  File "/cvmfs/cms.cern.ch/crab3/slc6_amd64_gcc493/cms/crabclient/3.3.1902.patch1/lib/python2.7/site-packages/CRABClient/Commands/SubCommand.py", line 313, in __init__
    getattr(self.configuration.General, 'requestName', None))
  File "/cvmfs/cms.cern.ch/crab3/slc6_amd64_gcc493/cms/crabclient/3.3.1902.patch1/lib/python2.7/site-packages/CRABClient/ClientUtilities.py", line 404, in createWorkArea
    raise ConfigException("Working area '%s' already exists \nPlease change the requestName in the config file" % fullpath)
ConfigException: Working area '/afs/cern.ch/work/b/bdiab/private/JpsiJetAnalysisPart2/CMSSW_9_4_4/src/makeForests_pp/crab_projects/crab_HIOniaForest_DATA_pp5TeV_part1' already exists 
Please change the requestName in the config file
DEBUG 2019-02-15 14:18:58,259: 	 Executing command: 'getoutput'
DEBUG 2019-02-15 14:18:58,261: 	 Found CRAB cache file /afs/cern.ch/user/b/bdiab/.crab3
DEBUG 2019-02-15 14:19:13,085: 	 Executing command: 'getoutput'
DEBUG 2019-02-15 14:19:13,085: 	 Found CRAB cache file /afs/cern.ch/user/b/bdiab/.crab3
DEBUG 2019-02-27 12:21:38,807: 	 Executing command: 'submit'
DEBUG 2019-02-27 12:21:38,807: 	 Found CRAB cache file /afs/cern.ch/user/b/bdiab/.crab3
DEBUG 2019-02-27 12:21:38,849: 	 Checking credentials
DEBUG 2019-02-27 12:21:38,850: 	 Found proxy file /tmp/x509up_u105808
DEBUG 2019-02-27 12:21:38,850: 	 Getting proxy life time left
DEBUG 2019-02-27 12:21:39,865: 	 Executing : 
 command : voms-proxy-info -file /tmp/x509up_u105808 -timeleft
 output : 42973

 error: 
 retcode : 0
DEBUG 2019-02-27 12:21:40,676: 	 Executing : 
 command : voms-proxy-info -file /tmp/x509up_u105808 -actimeleft
 output : 42972

 error: 
 retcode : 0
DEBUG 2019-02-27 12:21:40,676: 	 Proxy lifetime 42973 secs is different from voms extension lifetime 42972 secs for proxy: /tmp/x509up_u105808
DEBUG 2019-02-27 12:21:40,676: 	 Proxy valid for 11:56:12 hours
INFO 2019-02-27 12:21:40,677: 	 Will use CRAB configuration file crabConfig1.py
DEBUG 2019-02-27 12:21:40,677: 	 Loading CRAB configuration file.
DEBUG 2019-02-27 12:21:43,946: 	 Will use CRAB Analysis plugin (i.e. will run an analysis job type).
ERROR 2019-02-27 12:21:43,963: 	 Working area '/afs/cern.ch/work/b/bdiab/private/JpsiJetAnalysisPart2/CMSSW_9_4_4/src/makeForests_pp/crab_projects/crab_HIOniaForest_DATA_pp5TeV_part1' already exists 
Please change the requestName in the config file
ERROR 2019-02-27 12:21:43,963: 	 Caught exception
Traceback (most recent call last):
  File "/cvmfs/cms.cern.ch/crab3/slc6_amd64_gcc493/cms/crabclient/3.3.1902.patch1/bin/crab", line 160, in <module>
    client()
  File "/cvmfs/cms.cern.ch/crab3/slc6_amd64_gcc493/cms/crabclient/3.3.1902.patch1/bin/crab", line 146, in __call__
    self.cmd = sub_cmd(self.logger, args[1:])
  File "/cvmfs/cms.cern.ch/crab3/slc6_amd64_gcc493/cms/crabclient/3.3.1902.patch1/lib/python2.7/site-packages/CRABClient/Commands/submit.py", line 34, in __init__
    SubCommand.__init__(self, logger, cmdargs, disable_interspersed_args=True)
  File "/cvmfs/cms.cern.ch/crab3/slc6_amd64_gcc493/cms/crabclient/3.3.1902.patch1/lib/python2.7/site-packages/CRABClient/Commands/SubCommand.py", line 313, in __init__
    getattr(self.configuration.General, 'requestName', None))
  File "/cvmfs/cms.cern.ch/crab3/slc6_amd64_gcc493/cms/crabclient/3.3.1902.patch1/lib/python2.7/site-packages/CRABClient/ClientUtilities.py", line 404, in createWorkArea
    raise ConfigException("Working area '%s' already exists \nPlease change the requestName in the config file" % fullpath)
ConfigException: Working area '/afs/cern.ch/work/b/bdiab/private/JpsiJetAnalysisPart2/CMSSW_9_4_4/src/makeForests_pp/crab_projects/crab_HIOniaForest_DATA_pp5TeV_part1' already exists 
Please change the requestName in the config file
DEBUG 2019-09-24 05:00:47.926 UTC: 	 Executing command: 'status'
DEBUG 2019-09-24 05:00:47.926 UTC: 	 Found CRAB cache file /home/llr/cms/mnguyen/.crab3
ERROR 2019-09-24 05:00:47.927 UTC: 	 Cannot find .requestcache file in CRAB project directory /grid_mnt/vol__vol_U__u/llr/cms/mnguyen/prod/forest/jPsiJet2018/CMSSW_9_4_10/src/makeForests_pp/crab_projects/crab_HIOniaForest_DATA_pp5TeV_part2
ERROR 2019-09-24 05:00:47.927 UTC: 	 Caught exception
Traceback (most recent call last):
  File "/cvmfs/cms.cern.ch/crab3/slc6_amd64_gcc493/cms/crabclient/3.3.1909/bin/crab", line 160, in <module>
    client()
  File "/cvmfs/cms.cern.ch/crab3/slc6_amd64_gcc493/cms/crabclient/3.3.1909/bin/crab", line 145, in __call__
    self.cmd = sub_cmd(self.logger, args[1:])
  File "/cvmfs/cms.cern.ch/crab3/slc6_amd64_gcc493/cms/crabclient/3.3.1909/lib/python2.7/site-packages/CRABClient/Commands/status.py", line 40, in __init__
    SubCommand.__init__(self, logger, cmdargs)
  File "/cvmfs/cms.cern.ch/crab3/slc6_amd64_gcc493/cms/crabclient/3.3.1909/lib/python2.7/site-packages/CRABClient/Commands/SubCommand.py", line 268, in __init__
    SubCommand.validateOptions(self)
  File "/cvmfs/cms.cern.ch/crab3/slc6_amd64_gcc493/cms/crabclient/3.3.1909/lib/python2.7/site-packages/CRABClient/Commands/SubCommand.py", line 590, in validateOptions
    self.loadLocalCache()
  File "/cvmfs/cms.cern.ch/crab3/slc6_amd64_gcc493/cms/crabclient/3.3.1909/lib/python2.7/site-packages/CRABClient/Commands/SubCommand.py", line 452, in loadLocalCache
    raise ex
CachefileNotFoundException: Cannot find .requestcache file in CRAB project directory /grid_mnt/vol__vol_U__u/llr/cms/mnguyen/prod/forest/jPsiJet2018/CMSSW_9_4_10/src/makeForests_pp/crab_projects/crab_HIOniaForest_DATA_pp5TeV_part2
DEBUG 2019-09-24 05:01:25.136 UTC: 	 Executing command: 'submit'
DEBUG 2019-09-24 05:01:25.136 UTC: 	 Found CRAB cache file /home/llr/cms/mnguyen/.crab3
DEBUG 2019-09-24 05:01:25.142 UTC: 	 Checking credentials
DEBUG 2019-09-24 05:01:25.142 UTC: 	 Found proxy file /tmp/x509up_u784
DEBUG 2019-09-24 05:01:25.142 UTC: 	 Getting proxy life time left
DEBUG 2019-09-24 05:01:25.545 UTC: 	 Executing : 
 command : voms-proxy-info -file /tmp/x509up_u784 -timeleft
 output : 10224

 error: 
 retcode : 0
DEBUG 2019-09-24 05:01:25.949 UTC: 	 Executing : 
 command : voms-proxy-info -file /tmp/x509up_u784 -actimeleft
 output : 10224

 error: 
 retcode : 0
DEBUG 2019-09-24 05:01:25.949 UTC: 	 Proxy valid for 02:50:24 hours
INFO 2019-09-24 05:01:25.950 UTC: 	 Will use CRAB configuration file crabConfig2.py
DEBUG 2019-09-24 05:01:25.950 UTC: 	 Loading CRAB configuration file.
DEBUG 2019-09-24 05:01:27.486 UTC: 	 Will use CRAB Analysis plugin (i.e. will run an analysis job type).
ERROR 2019-09-24 05:01:27.486 UTC: 	 Working area '/grid_mnt/vol__vol_U__u/llr/cms/mnguyen/prod/forest/jPsiJet2018/CMSSW_9_4_10/src/makeForests_pp/crab_projects/crab_HIOniaForest_DATA_pp5TeV_part2' already exists 
Please change the requestName in the config file
ERROR 2019-09-24 05:01:27.486 UTC: 	 Caught exception
Traceback (most recent call last):
  File "/cvmfs/cms.cern.ch/crab3/slc6_amd64_gcc493/cms/crabclient/3.3.1909/bin/crab", line 160, in <module>
    client()
  File "/cvmfs/cms.cern.ch/crab3/slc6_amd64_gcc493/cms/crabclient/3.3.1909/bin/crab", line 145, in __call__
    self.cmd = sub_cmd(self.logger, args[1:])
  File "/cvmfs/cms.cern.ch/crab3/slc6_amd64_gcc493/cms/crabclient/3.3.1909/lib/python2.7/site-packages/CRABClient/Commands/submit.py", line 34, in __init__
    SubCommand.__init__(self, logger, cmdargs, disable_interspersed_args=True)
  File "/cvmfs/cms.cern.ch/crab3/slc6_amd64_gcc493/cms/crabclient/3.3.1909/lib/python2.7/site-packages/CRABClient/Commands/SubCommand.py", line 315, in __init__
    getattr(self.configuration.General, 'requestName', None))
  File "/cvmfs/cms.cern.ch/crab3/slc6_amd64_gcc493/cms/crabclient/3.3.1909/lib/python2.7/site-packages/CRABClient/ClientUtilities.py", line 408, in createWorkArea
    raise ConfigException("Working area '%s' already exists \nPlease change the requestName in the config file" % fullpath)
ConfigException: Working area '/grid_mnt/vol__vol_U__u/llr/cms/mnguyen/prod/forest/jPsiJet2018/CMSSW_9_4_10/src/makeForests_pp/crab_projects/crab_HIOniaForest_DATA_pp5TeV_part2' already exists 
Please change the requestName in the config file
DEBUG 2019-09-24 10:19:47.272 UTC: 	 Executing command: 'resubmit'
DEBUG 2019-09-24 10:19:47.272 UTC: 	 Found CRAB cache file /home/llr/cms/mnguyen/.crab3
DEBUG 2019-09-25 15:25:10.957 UTC: 	 Executing command: 'status'
DEBUG 2019-09-25 15:25:10.958 UTC: 	 Found CRAB cache file /home/llr/cms/mnguyen/.crab3
ERROR 2019-09-25 15:25:10.967 UTC: 	 Error: crab_projects/crab_HIOniaForest_DATA_pp5TeV_part2_v1/ is not a valid CRAB project directory.
ERROR 2019-09-25 15:25:10.967 UTC: 	 Caught exception
Traceback (most recent call last):
  File "/cvmfs/cms.cern.ch/crab3/slc6_amd64_gcc493/cms/crabclient/3.3.1909/bin/crab", line 160, in <module>
    client()
  File "/cvmfs/cms.cern.ch/crab3/slc6_amd64_gcc493/cms/crabclient/3.3.1909/bin/crab", line 145, in __call__
    self.cmd = sub_cmd(self.logger, args[1:])
  File "/cvmfs/cms.cern.ch/crab3/slc6_amd64_gcc493/cms/crabclient/3.3.1909/lib/python2.7/site-packages/CRABClient/Commands/status.py", line 40, in __init__
    SubCommand.__init__(self, logger, cmdargs)
  File "/cvmfs/cms.cern.ch/crab3/slc6_amd64_gcc493/cms/crabclient/3.3.1909/lib/python2.7/site-packages/CRABClient/Commands/SubCommand.py", line 268, in __init__
    SubCommand.validateOptions(self)
  File "/cvmfs/cms.cern.ch/crab3/slc6_amd64_gcc493/cms/crabclient/3.3.1909/lib/python2.7/site-packages/CRABClient/Commands/SubCommand.py", line 586, in validateOptions
    raise ConfigurationException(msg)
ConfigurationException: [91mError[0m: crab_projects/crab_HIOniaForest_DATA_pp5TeV_part2_v1/ is not a valid CRAB project directory.
DEBUG 2020-09-10 11:12:51.485 UTC: 	 CRAB Client version: v3.200812
DEBUG 2020-09-10 11:12:51.486 UTC: 	 Running on: Linux llruicms01.in2p3.fr 3.10.0-1127.13.1.el7.x86_64 #1 SMP Tue Jun 23 15:46:38 UTC 2020 x86_64 x86_64 x86_64 GNU/Linux - CentOS Linux 7 (Core)
DEBUG 2020-09-10 11:12:51.486 UTC: 	 Executing command: 'submit'
DEBUG 2020-09-10 11:12:51.487 UTC: 	 Found CRAB cache file /home/llr/cms/mnguyen/.crab3
INFO 2020-09-10 11:12:51.498 UTC: 	 Will use CRAB configuration file crabConfig.py
DEBUG 2020-09-10 11:12:51.498 UTC: 	 Loading CRAB configuration file.
ERROR 2020-09-10 11:12:51.520 UTC: 	 Error while loading CRAB configuration:
cannot import name getUsernameFromSiteDB
Please refer to https://twiki.cern.ch/twiki/bin/view/CMSPublic/CRAB3CommonErrors#Syntax_error_in_CRAB_configurati
See the ./crab.log file for more details.
The documentation about the CRAB configuration file can be found in https://twiki.cern.ch/twiki/bin/view/CMSPublic/CRAB3ConfigurationFile
ERROR 2020-09-10 11:12:51.520 UTC: 	 Caught ClientException exception
Traceback (most recent call last):
  File "/cvmfs/cms.cern.ch/share/cms/crab-prod/v3.200812.00/bin/crab", line 165, in <module>
    client()
  File "/cvmfs/cms.cern.ch/share/cms/crab-prod/v3.200812.00/bin/crab", line 150, in __call__
    self.cmd = sub_cmd(self.logger, args[1:])
  File "/cvmfs/cms.cern.ch/share/cms/crab-prod/v3.200812.00/lib/CRABClient/Commands/submit.py", line 35, in __init__
    SubCommand.__init__(self, logger, cmdargs, disable_interspersed_args=True)
  File "/cvmfs/cms.cern.ch/share/cms/crab-prod/v3.200812.00/lib/CRABClient/Commands/SubCommand.py", line 311, in __init__
    self.loadConfig(self.options.config, self.args)
  File "/cvmfs/cms.cern.ch/share/cms/crab-prod/v3.200812.00/lib/CRABClient/Commands/SubCommand.py", line 88, in loadConfig
    raise ConfigurationException(configmsg)
ConfigurationException: Error while loading CRAB configuration:
cannot import name getUsernameFromSiteDB
Please refer to https://twiki.cern.ch/twiki/bin/view/CMSPublic/CRAB3CommonErrors#Syntax_error_in_CRAB_configurati
See the ./crab.log file for more details.
The documentation about the CRAB configuration file can be found in https://twiki.cern.ch/twiki/bin/view/CMSPublic/CRAB3ConfigurationFile
INFO 2020-09-10 11:12:51.523 UTC: 	 Log file is /grid_mnt/vol__vol_U__u/llr/cms/mnguyen/prod/forest/jPsiJet2018/CMSSW_9_4_10/src/makeForests_pp/crab.log
DEBUG 2020-09-10 11:14:26.244 UTC: 	 CRAB Client version: v3.200812
DEBUG 2020-09-10 11:14:26.245 UTC: 	 Running on: Linux llruicms01.in2p3.fr 3.10.0-1127.13.1.el7.x86_64 #1 SMP Tue Jun 23 15:46:38 UTC 2020 x86_64 x86_64 x86_64 GNU/Linux - CentOS Linux 7 (Core)
DEBUG 2020-09-10 11:14:26.245 UTC: 	 Executing command: 'submit'
DEBUG 2020-09-10 11:14:26.245 UTC: 	 Found CRAB cache file /home/llr/cms/mnguyen/.crab3
INFO 2020-09-10 11:14:26.246 UTC: 	 Will use CRAB configuration file crabConfig.py
DEBUG 2020-09-10 11:14:26.246 UTC: 	 Loading CRAB configuration file.
ERROR 2020-09-10 11:14:26.251 UTC: 	 Error while loading CRAB configuration:
'Configuration' object has no attribute 'Data'
Please refer to https://twiki.cern.ch/twiki/bin/view/CMSPublic/CRAB3CommonErrors#Syntax_error_in_CRAB_configurati
See the ./crab.log file for more details.
The documentation about the CRAB configuration file can be found in https://twiki.cern.ch/twiki/bin/view/CMSPublic/CRAB3ConfigurationFile
ERROR 2020-09-10 11:14:26.251 UTC: 	 Caught ClientException exception
Traceback (most recent call last):
  File "/cvmfs/cms.cern.ch/share/cms/crab-prod/v3.200812.00/bin/crab", line 165, in <module>
    client()
  File "/cvmfs/cms.cern.ch/share/cms/crab-prod/v3.200812.00/bin/crab", line 150, in __call__
    self.cmd = sub_cmd(self.logger, args[1:])
  File "/cvmfs/cms.cern.ch/share/cms/crab-prod/v3.200812.00/lib/CRABClient/Commands/submit.py", line 35, in __init__
    SubCommand.__init__(self, logger, cmdargs, disable_interspersed_args=True)
  File "/cvmfs/cms.cern.ch/share/cms/crab-prod/v3.200812.00/lib/CRABClient/Commands/SubCommand.py", line 311, in __init__
    self.loadConfig(self.options.config, self.args)
  File "/cvmfs/cms.cern.ch/share/cms/crab-prod/v3.200812.00/lib/CRABClient/Commands/SubCommand.py", line 88, in loadConfig
    raise ConfigurationException(configmsg)
ConfigurationException: Error while loading CRAB configuration:
'Configuration' object has no attribute 'Data'
Please refer to https://twiki.cern.ch/twiki/bin/view/CMSPublic/CRAB3CommonErrors#Syntax_error_in_CRAB_configurati
See the ./crab.log file for more details.
The documentation about the CRAB configuration file can be found in https://twiki.cern.ch/twiki/bin/view/CMSPublic/CRAB3ConfigurationFile
INFO 2020-09-10 11:14:26.253 UTC: 	 Log file is /grid_mnt/vol__vol_U__u/llr/cms/mnguyen/prod/forest/jPsiJet2018/CMSSW_9_4_10/src/makeForests_pp/crab.log
DEBUG 2020-09-10 11:22:46.944 UTC: 	 CRAB Client version: v3.200812
DEBUG 2020-09-10 11:22:46.944 UTC: 	 Running on: Linux llruicms01.in2p3.fr 3.10.0-1127.13.1.el7.x86_64 #1 SMP Tue Jun 23 15:46:38 UTC 2020 x86_64 x86_64 x86_64 GNU/Linux - CentOS Linux 7 (Core)
DEBUG 2020-09-10 11:22:46.944 UTC: 	 Executing command: 'submit'
DEBUG 2020-09-10 11:22:46.945 UTC: 	 Found CRAB cache file /home/llr/cms/mnguyen/.crab3
INFO 2020-09-10 11:22:46.957 UTC: 	 Will use CRAB configuration file crabConfig.py
DEBUG 2020-09-10 11:22:46.957 UTC: 	 Loading CRAB configuration file.
DEBUG 2020-09-10 11:22:46.961 UTC: 	 Will use CRAB Analysis plugin (i.e. will run an analysis job type).
ERROR 2020-09-10 11:22:46.962 UTC: 	 Working area '/grid_mnt/vol__vol_U__u/llr/cms/mnguyen/prod/forest/jPsiJet2018/CMSSW_9_4_10/src/makeForests_pp/crab_projects/crab_HIOniaForest_DATA_pp5TeV_YMM' already exists 
Please change the requestName in the config file
ERROR 2020-09-10 11:22:46.962 UTC: 	 Caught ClientException exception
Traceback (most recent call last):
  File "/cvmfs/cms.cern.ch/share/cms/crab-prod/v3.200812.00/bin/crab", line 165, in <module>
    client()
  File "/cvmfs/cms.cern.ch/share/cms/crab-prod/v3.200812.00/bin/crab", line 150, in __call__
    self.cmd = sub_cmd(self.logger, args[1:])
  File "/cvmfs/cms.cern.ch/share/cms/crab-prod/v3.200812.00/lib/CRABClient/Commands/submit.py", line 35, in __init__
    SubCommand.__init__(self, logger, cmdargs, disable_interspersed_args=True)
  File "/cvmfs/cms.cern.ch/share/cms/crab-prod/v3.200812.00/lib/CRABClient/Commands/SubCommand.py", line 315, in __init__
    getattr(self.configuration.General, 'requestName', None))
  File "/cvmfs/cms.cern.ch/share/cms/crab-prod/v3.200812.00/lib/CRABClient/ClientUtilities.py", line 397, in createWorkArea
    raise ConfigException("Working area '%s' already exists \nPlease change the requestName in the config file" % fullpath)
ConfigException: Working area '/grid_mnt/vol__vol_U__u/llr/cms/mnguyen/prod/forest/jPsiJet2018/CMSSW_9_4_10/src/makeForests_pp/crab_projects/crab_HIOniaForest_DATA_pp5TeV_YMM' already exists 
Please change the requestName in the config file
INFO 2020-09-10 11:22:46.964 UTC: 	 Log file is /grid_mnt/vol__vol_U__u/llr/cms/mnguyen/prod/forest/jPsiJet2018/CMSSW_9_4_10/src/makeForests_pp/crab.log
DEBUG 2020-09-12 12:11:38.299 UTC: 	 CRAB Client version: v3.200812
DEBUG 2020-09-12 12:11:38.300 UTC: 	 Running on: Linux llruicms01.in2p3.fr 3.10.0-1127.13.1.el7.x86_64 #1 SMP Tue Jun 23 15:46:38 UTC 2020 x86_64 x86_64 x86_64 GNU/Linux - CentOS Linux 7 (Core)
DEBUG 2020-09-12 12:11:38.300 UTC: 	 Executing command: 'status'
DEBUG 2020-09-12 12:11:38.301 UTC: 	 Found CRAB cache file /home/llr/cms/mnguyen/.crab3
ERROR 2020-09-12 12:11:38.314 UTC: 	 Error: makeForests_pp/crab_HIOniaForest_DATA_pp5TeV_YMM is not a valid CRAB project directory.
ERROR 2020-09-12 12:11:38.314 UTC: 	 Caught ClientException exception
Traceback (most recent call last):
  File "/cvmfs/cms.cern.ch/share/cms/crab-prod/v3.200812.00/bin/crab", line 165, in <module>
    client()
  File "/cvmfs/cms.cern.ch/share/cms/crab-prod/v3.200812.00/bin/crab", line 150, in __call__
    self.cmd = sub_cmd(self.logger, args[1:])
  File "/cvmfs/cms.cern.ch/share/cms/crab-prod/v3.200812.00/lib/CRABClient/Commands/status.py", line 41, in __init__
    SubCommand.__init__(self, logger, cmdargs)
  File "/cvmfs/cms.cern.ch/share/cms/crab-prod/v3.200812.00/lib/CRABClient/Commands/SubCommand.py", line 270, in __init__
    SubCommand.validateOptions(self)
  File "/cvmfs/cms.cern.ch/share/cms/crab-prod/v3.200812.00/lib/CRABClient/Commands/SubCommand.py", line 623, in validateOptions
    raise ConfigurationException(msg)
ConfigurationException: [91mError[0m: makeForests_pp/crab_HIOniaForest_DATA_pp5TeV_YMM is not a valid CRAB project directory.
INFO 2020-09-12 12:11:38.317 UTC: 	 Log file is /grid_mnt/vol__vol_U__u/llr/cms/mnguyen/prod/forest/jPsiJet2018/CMSSW_9_4_10/src/makeForests_pp/crab.log
DEBUG 2020-09-12 12:11:46.685 UTC: 	 CRAB Client version: v3.200812
DEBUG 2020-09-12 12:11:46.686 UTC: 	 Running on: Linux llruicms01.in2p3.fr 3.10.0-1127.13.1.el7.x86_64 #1 SMP Tue Jun 23 15:46:38 UTC 2020 x86_64 x86_64 x86_64 GNU/Linux - CentOS Linux 7 (Core)
DEBUG 2020-09-12 12:11:46.686 UTC: 	 Executing command: 'status'
DEBUG 2020-09-12 12:11:46.686 UTC: 	 Found CRAB cache file /home/llr/cms/mnguyen/.crab3
ERROR 2020-09-12 12:11:46.687 UTC: 	 Error: makeForests_pp/crab_HIOniaForest_DATA_pp5TeV_YMM is not a valid CRAB project directory.
ERROR 2020-09-12 12:11:46.687 UTC: 	 Caught ClientException exception
Traceback (most recent call last):
  File "/cvmfs/cms.cern.ch/share/cms/crab-prod/v3.200812.00/bin/crab", line 165, in <module>
    client()
  File "/cvmfs/cms.cern.ch/share/cms/crab-prod/v3.200812.00/bin/crab", line 150, in __call__
    self.cmd = sub_cmd(self.logger, args[1:])
  File "/cvmfs/cms.cern.ch/share/cms/crab-prod/v3.200812.00/lib/CRABClient/Commands/status.py", line 41, in __init__
    SubCommand.__init__(self, logger, cmdargs)
  File "/cvmfs/cms.cern.ch/share/cms/crab-prod/v3.200812.00/lib/CRABClient/Commands/SubCommand.py", line 270, in __init__
    SubCommand.validateOptions(self)
  File "/cvmfs/cms.cern.ch/share/cms/crab-prod/v3.200812.00/lib/CRABClient/Commands/SubCommand.py", line 623, in validateOptions
    raise ConfigurationException(msg)
ConfigurationException: [91mError[0m: makeForests_pp/crab_HIOniaForest_DATA_pp5TeV_YMM is not a valid CRAB project directory.
INFO 2020-09-12 12:11:46.689 UTC: 	 Log file is /grid_mnt/vol__vol_U__u/llr/cms/mnguyen/prod/forest/jPsiJet2018/CMSSW_9_4_10/src/makeForests_pp/crab.log
